// Jest Snapshot v1, https://goo.gl/fbAQLP

exports[`Storyshots Gluon default 1`] = `
<div
  className="baryon-gluon-body"
>
  <div
    className="MuiPaper-root MuiPaper-elevation1 MuiCard-root makeStyles-card-1 MuiPaper-rounded"
  >
    <li
      className="MuiListItem-root MuiListItem-gutters"
      disabled={false}
    >
      <a
        href="/name 1"
        onClick={[Function]}
      >
        <div
          className="MuiListItemAvatar-root makeStyles-avatarListItem-2"
        >
          <div
            className="MuiAvatar-root makeStyles-avatar-3 MuiAvatar-colorDefault"
          >
            <img
              alt="name 1"
              className="baryon-gluon-image"
              src="https://images.ciatr.jp/2017/07/w_828/0kDnZaTrd4xrWWav8PB8XIVBRXoQGsWGgNSdnp2E.jpeg"
            />
          </div>
        </div>
      </a>
      <div
        className="MuiListItemText-root MuiListItemText-multiline"
      >
        <span
          className="MuiTypography-root MuiListItemText-primary MuiTypography-body1"
        >
          The Matrix is directed by euonymus
        </span>
        <p
          className="MuiTypography-root MuiListItemText-secondary MuiTypography-body2 MuiTypography-colorTextSecondary"
        >
          (2019-10-16 - 2019-12-15)
        </p>
      </div>
    </li>
  </div>
</div>
`;
